// Jest Snapshot v1, https://goo.gl/fbAQLP

exports[`Primary Button should render without issues 1`] = `
<View
  accessible={true}
  focusable={true}
  onBlur={[Function]}
  onClick={[Function]}
  onFocus={[Function]}
  onResponderGrant={[Function]}
  onResponderMove={[Function]}
  onResponderRelease={[Function]}
  onResponderTerminate={[Function]}
  onResponderTerminationRequest={[Function]}
  onStartShouldSetResponder={[Function]}
  testID="PrimaryBtn"
>
  <View
    style={
      Object {
        "alignItems": "center",
        "backgroundColor": "#74B3CE",
        "borderRadius": 4,
        "height": 50,
        "justifyContent": "center",
        "marginVertical": 10,
        "width": "100%",
      }
    }
  >
    <Text
      style={
        Object {
          "color": "white",
          "fontSize": 16,
        }
      }
    />
  </View>
</View>
`;
